// Jest Snapshot v1, https://goo.gl/fbAQLP

exports[`RenderRechargeSheetHeader renders correctly and matches snapshot 1`] = `
[
  <View
    style={
      {
        "alignItems": "center",
        "borderBottomWidth": 0.5,
        "flexDirection": "row",
        "justifyContent": "center",
        "padding": 15,
        "width": 750,
      }
    }
  >
    <Text
      style={
        {
          "color": "black",
          "fontSize": 16,
          "fontWeight": "600",
        }
      }
    >
      Recharge
    </Text>
    <View
      accessibilityState={
        {
          "busy": undefined,
          "checked": undefined,
          "disabled": undefined,
          "expanded": undefined,
          "selected": undefined,
        }
      }
      accessibilityValue={
        {
          "max": undefined,
          "min": undefined,
          "now": undefined,
          "text": undefined,
        }
      }
      accessible={true}
      collapsable={false}
      focusable={true}
      onBlur={[Function]}
      onClick={[Function]}
      onFocus={[Function]}
      onResponderGrant={[Function]}
      onResponderMove={[Function]}
      onResponderRelease={[Function]}
      onResponderTerminate={[Function]}
      onResponderTerminationRequest={[Function]}
      onStartShouldSetResponder={[Function]}
      style={
        {
          "position": "absolute",
          "right": 15,
        }
      }
    >
      <Image
        source={
          {
            "testUri": "../../../src/assets/images/question_mark.png",
          }
        }
        style={
          {
            "height": 20,
            "width": 20,
          }
        }
      />
    </View>
  </View>,
  <View
    style={
      {
        "alignItems": "center",
        "flexDirection": "row",
        "marginHorizontal": 20,
        "marginVertical": 10,
      }
    }
  >
    <Text>
      Balance
    </Text>
    <Image
      source={
        {
          "testUri": "../../../src/assets/images/diamond.png",
        }
      }
      style={
        {
          "height": 15,
          "marginLeft": 10,
          "marginRight": 3,
          "width": 15,
        }
      }
    />
    <Text>
      1000
    </Text>
  </View>,
]
`;
