// Jest Snapshot v1, https://goo.gl/fbAQLP

exports[`CustomPageLoader renders correctly 1`] = `
<View
  style={
    {
      "alignItems": "center",
      "backgroundColor": "rgba(0, 0, 0, 0.5)",
      "height": 1334,
      "justifyContent": "center",
      "width": 750,
      "zIndex": 100000,
    }
  }
>
  <View
    style={
      [
        {
          "overflow": "hidden",
        },
        {
          "height": 40,
          "width": 40,
        },
      ]
    }
  >
    <FastImageView
      defaultSource={null}
      resizeMode="cover"
      style={
        {
          "bottom": 0,
          "left": 0,
          "position": "absolute",
          "right": 0,
          "top": 0,
        }
      }
    />
  </View>
</View>
`;
